<!DOCTYPE html>
<html>
<head>
    <meta charset="utf-8" />
</head>
<body>
<div class="section" id="some-test-docs">
    <h1>Some Test Docs!<a class="headerlink" href="#some-test-docs" title="Permalink to this headline">¶</a></h1>
    <img src="_images/symfony-logo.png" />
    <div class="toctree-wrapper compound">
        <ul>
            <li><a href="datetime.html#datetimetype-field">DateTimeType Field</a>
                <ul>
                    <li><a href="datetime.html#field-options">Field Options</a></li>
                    <li><a href="datetime.html#overridden-options">Overridden Options</a></li>
                    <li><a href="datetime.html#field-variables">Field Variables</a></li>
                    <li><a href="datetime.html#url-checker-errors">Url checker errors</a></li>
                </ul>
            </li>
            <li><a href="form/form_type.html#formtype-documentation">FormType Documentation</a></li>
        </ul>
    </div>
<span id="reference-forms-type-date-format"></span>
<div class="section" id="a-header">
    <h2>A header with <code>a code literal</code><a class="headerlink" href="#a-header" title="Permalink to this headline">¶</a></h2>
    <p>Some info...</p>
</div>
</div>
</body>
</html>
