<div class="configuration-block">
    <ul class="configuration-tabs configuration-tabs-length-2">
        <li data-language="yaml" data-active="true"> <span>YAML</span> </li>
        <li data-language="php" > <span>PHP</span> </li>
    </ul>
    <div class="configuration-codeblock" data-language="yaml" style="">
        <div translate="no" class="notranslate codeblock codeblock-loc-1 codeblock-yaml">
            <div class="codeblock-scroll">
                <pre class="codeblock-lines">1</pre>
                <pre class="codeblock-code"><code><span class="hljs-comment"># app/config/services.yml</span></code></pre>
            </div>
        </div>
    </div>
    <div class="configuration-codeblock" data-language="php" style="display: none">
        <div translate="no" class="notranslate codeblock codeblock-loc-1 codeblock-php">
            <div class="codeblock-scroll">
                <pre class="codeblock-lines">1</pre>
                <pre class="codeblock-code"><code><span class="hljs-comment">// config/routes.php</span></code></pre>
            </div>
        </div>
    </div>
</div>
